{
"issues":  [
{
"id":  "S2696",
"message":  "Remove this set, which updates a \"static\" field from an instance method.",
"location":  {
"uri":  "akka.net\\src\\core\\Akka.TestKit.Tests\\TestActorRefTests\\BossActor.cs",
"region":  {
"startLine":  41,
"startColumn":  17,
"endLine":  41,
"endColumn":  41
}
}
},
{
"id":  "S2696",
"message":  "Remove this set, which updates a \"static\" field from an instance method.",
"location":  {
"uri":  "akka.net\\src\\core\\Akka.TestKit.Tests\\TestActorRefTests\\BossActor.cs",
"region":  {
"startLine":  46,
"startColumn":  17,
"endLine":  46,
"endColumn":  41
}
}
},
{
"id":  "S2696",
"message":  "Remove this set, which updates a \"static\" field from an instance method.",
"location":  {
"uri":  "akka.net\\src\\core\\Akka.TestKit.Tests\\TestActorRefTests\\SenderActor.cs",
"region":  {
"startLine":  36,
"startColumn":  21,
"endLine":  36,
"endColumn":  45
}
}
},
{
"id":  "S2696",
"message":  "Remove this set, which updates a \"static\" field from an instance method.",
"location":  {
"uri":  "akka.net\\src\\core\\Akka.TestKit.Tests\\TestActorRefTests\\TActorBase.cs",
"region":  {
"startLine":  20,
"startColumn":  17,
"endLine":  20,
"endColumn":  47
}
}
},
{
"id":  "S2696",
"message":  "Make the enclosing instance method \"static\" or remove this set on the \"static\" field.",
"location":  {
"uri":  "akka.net\\src\\core\\Akka.TestKit.Tests\\TestActorRefTests\\TestActorRefSpec.cs",
"region":  {
"startLine":  85,
"startColumn":  13,
"endLine":  85,
"endColumn":  22
}
}
},
{
"id":  "S2696",
"message":  "Make the enclosing instance method \"static\" or remove this set on the \"static\" field.",
"location":  {
"uri":  "akka.net\\src\\core\\Akka.TestKit.Tests\\TestActorRefTests\\TestActorRefSpec.cs",
"region":  {
"startLine":  119,
"startColumn":  13,
"endLine":  119,
"endColumn":  22
}
}
}
]
}
