{
"issues":  [
{
"id":  "S2328",
"message":  "Remove this use of \"inputType\" from the \"GetHashCode\" declaration, or make it \"readonly\".",
"location":  {
"uri":  "akka.net\\src\\core\\Akka\\Actor\\Props.cs",
"region":  {
"startLine":  118,
"startColumn":  46,
"endLine":  118,
"endColumn":  55
}
}
}
]
}
