{
"issues":  [
{
"id":  "S2696",
"message":  "Make the enclosing instance method \"static\" or remove this set on the \"static\" field.",
"location":  {
"uri":  "akka.net\\src\\core\\Akka\\Helios.Concurrency.DedicatedThreadPool.cs",
"region":  {
"startLine":  188,
"startColumn":  17,
"endLine":  188,
"endColumn":  47
}
}
},
{
"id":  "S2696",
"message":  "Make the enclosing instance method \"static\" or remove this set on the \"static\" field.",
"location":  {
"uri":  "akka.net\\src\\core\\Akka\\Helios.Concurrency.DedicatedThreadPool.cs",
"region":  {
"startLine":  445,
"startColumn":  17,
"endLine":  445,
"endColumn":  32
}
}
}
]
}
